AutoDock Vina v1.2.7
#################################################################
# If you used AutoDock Vina in your work, please cite:          #
#                                                               #
# J. Eberhardt, D. Santos-Martins, A. F. Tillack, and S. Forli  #
# AutoDock Vina 1.2.0: New Docking Methods, Expanded Force      #
# Field, and Python Bindings, J. Chem. Inf. Model. (2021)       #
# DOI 10.1021/acs.jcim.1c00203                                  #
#                                                               #
# O. Trott, A. J. Olson,                                        #
# AutoDock Vina: improving the speed and accuracy of docking    #
# with a new scoring function, efficient optimization and       #
# multithreading, J. Comp. Chem. (2010)                         #
# DOI 10.1002/jcc.21334                                         #
#                                                               #
# Please see https://github.com/ccsb-scripps/AutoDock-Vina for  #
# more information.                                             #
#################################################################

Scoring function : vina
Rigid receptor: data/processed/docking/VP39_receptor.pdbqt
Ligand: data/processed/docking/ligands/SS148.pdbqt
Grid center: X -3.496 Y 18.004 Z -33.379
Grid size  : X 25 Y 25 Z 25
Grid space : 0.375
Exhaustiveness: 8
CPU: 4
Verbosity: 1

Computing Vina grid ... done.
Performing docking (random seed: 20240904) ... 
0%   10   20   30   40   50   60   70   80   90   100%
|----|----|----|----|----|----|----|----|----|----|
***************************************************

mode |   affinity | dist from best mode
     | (kcal/mol) | rmsd l.b.| rmsd u.b.
-----+------------+----------+----------
   1       -7.338          0          0
   2       -7.222      2.773      4.907
   3       -6.908      1.486      1.637
   4       -6.793       3.05      4.556
   5        -6.48      2.742      3.322
   6       -6.451      3.059      4.743
   7        -6.33      10.46      12.93
   8       -6.168          6      9.073
   9       -5.931      9.407       12.3
